Continue the task. Remaining todos:
- Build full question bank (8 subjects × 20 questions, 160 total) in questions.js
- Build enhanced index.html with all features: difficulty select, timer, streaks, power-ups, confetti, sounds, leaderboard, review, theme toggle
- Test the game opens and all screens render correctly

IMPORTANT — large file rule: For any file over ~500 lines (e.g. script.js, ai_chat.html, agent_bridge.py) you MUST use Grep first to find the relevant line number, then Read with offset+limit (e.g. offset=200, limit=80). Never call Read on a large file without offset and limit — it will exceed the context limit and the task will fail again.
asks incomplete.
[14:21:49] INFO agent_bridge: [WORKER] Notification BLOCKED: 3 pending todo(s), 6 mutation(s) — AI must complete remaining tasks.
[14:21:49] INFO main_window: [MainWindow] Completion notification suppressed: tasks not genuinely complete
[JS INFO] [CHAT] onComplete: displayText length: 10404
[JS INFO] [CHAT] onComplete: contentDiv.innerHTML length: 37620
[JS INFO] [CHAT] Storage key for path "C:\Users\Hakeem1\OneDrive\Desktop\Game" (normalized: "c:/users/hakeem1/onedrive/desktop/game") = cortex_chats_53f75608
[14:21:52] WARNING deepseek_provider: [DeepSeek] Model 'deepseek-chat' is deprecated and will be retired on Jul 24, 2026. Please migrate to deepseek-v4-pro or deepseek-v4-flash.
[14:21:52] INFO deepseek_provider: [DeepSeek] Using model: deepseek-chat
[14:21:52] INFO ai_chat: JS Save finished signal received from bridge: OK
[14:21:58] INFO ai_chat: [AIChat] User selected non-Mistral model: deepseek-v4-pro, bypassing performance mode
[14:21:58] INFO agent_bridge: [BRIDGE] process_message task_id=syxu29sjr: Continue the task. Remaining todos:
- Build full question bank (8 subjects × 20 ...
[14:21:58] INFO agent_bridge: [BRIDGE] deepseek-v4-pro: ctx=400K tokens, out=32,768 tokens, tool_cap=60K chars, hist_cap=40K chars, turns=25
[14:21:58] INFO agent_bridge: [BRIDGE] provider=deepseek model=deepseek-v4-pro
[JS INFO] [CHAT] Storage key for path "C:\Users\Hakeem1\OneDrive\Desktop\Game" (normalized: "c:/users/hakeem1/onedrive/desktop/game") = cortex_chats_53f75608
[14:21:58] INFO agent_bridge: [BRIDGE] Total tools after merge: 20
[14:21:58] INFO agent_bridge: [BRIDGE] === Agentic turn 1/25 ===
[14:21:58] INFO agent_bridge: [BRIDGE] Agent phase: READING
[14:21:58] INFO agent_bridge: [TOOLS] Expanded to 11 tools after 6 mutations
[14:21:58] WARNING agent_bridge: [BRIDGE] Token multiplier 1.099853515625x would exceed model limit (36040 > 32768). Capping at 32768
[14:21:58] INFO agent_bridge: [BRIDGE] Applied performance token_multiplier: 1.099853515625x, max_tokens: 32768 -> 32768
[14:21:58] INFO deepseek_provider: [DeepSeek] Using model: deepseek-v4-pro
[14:21:58] INFO deepseek_provider: [DEEPSEEK DEBUG] Sending 11 tools to API
[14:21:58] INFO ai_chat: JS Save finished signal received from bridge: OK
[14:22:05] INFO agent_bridge: [BRIDGE] 1 tool call(s) on turn 1: TodoWrite
[14:22:05] INFO agent_bridge: [PROGRESS] 0/3 tasks complete (0%)
[14:22:05] INFO agent_bridge: [TODO] TodoWrite dispatched: 3 items, all_done=False
[14:22:05] INFO agent_bridge: [BRIDGE] Tool results sent — continuing to turn 2
[14:22:05] INFO agent_bridge: [BRIDGE] === Agentic turn 2/25 ===
[14:22:05] INFO agent_bridge: [BRIDGE] Agent phase: PLANNING
[14:22:05] INFO agent_bridge: [TOOLS] Expanded to 11 tools after 6 mutations
[14:22:05] WARNING agent_bridge: [BRIDGE] Token multiplier 1.099853515625x would exceed model limit (36040 > 32768). Capping at 32768
[14:22:05] INFO agent_bridge: [BRIDGE] Applied performance token_multiplier: 1.099853515625x, max_tokens: 32768 -> 32768
[14:22:05] INFO deepseek_provider: [DeepSeek] Using model: deepseek-v4-pro
[14:22:05] INFO deepseek_provider: [DEEPSEEK DEBUG] Sending 11 tools to API
[14:22:06] INFO ai_chat: [MEMORY] ✅ Auto-saved chat summary to C:\Users\Hakeem1\.cortex\projects\C__Users_Hakeem1_OneDrive_Desktop_Game\memory\auto\chat_summaries\1777474638970.md (3579 chars)
[14:22:11] INFO agent_bridge: [BRIDGE] 2 tool call(s) on turn 2: Read, Glob
[14:22:11] INFO agent_bridge: [BRIDGE] Tool results sent — continuing to turn 3
[14:22:11] INFO agent_bridge: [BRIDGE] === Agentic turn 3/25 ===
[14:22:11] INFO agent_bridge: [TOOLS] Expanded to 11 tools after 6 mutations
[14:22:11] WARNING agent_bridge: [BRIDGE] Token multiplier 1.099853515625x would exceed model limit (36040 > 32768). Capping at 32768
[14:22:11] INFO agent_bridge: [BRIDGE] Applied performance token_multiplier: 1.099853515625x, max_tokens: 32768 -> 32768
[14:22:11] INFO deepseek_provider: [DeepSeek] Using model: deepseek-v4-pro
[14:22:11] INFO deepseek_provider: [DEEPSEEK DEBUG] Sending 11 tools to API